exports[`ql test suite ql init 1`] = `
Array [
  "loading",
  [Function],
]
`;
