exports[`store provider test suite first render 1`] = `
<div>
  plume
</div>
`;

exports[`store provider test suite store sync dispath change render 1`] = `
<div>
  plume++
</div>
`;
