// Jest Snapshot v1, https://goo.gl/fbAQLP

exports[`ql test suite ql init 1`] = `
Array [
  "loading",
  [Function],
]
`;
